// Jest Snapshot v1, https://goo.gl/fbAQLP

exports[`Buildings matches snapshot 1`] = `
ShallowWrapper {
  "length": 1,
  Symbol(enzyme.__root__): [Circular],
  Symbol(enzyme.__unrendered__): <Buildings />,
  Symbol(enzyme.__renderer__): Object {
    "batchedUpdates": [Function],
    "getNode": [Function],
    "render": [Function],
    "simulateEvent": [Function],
    "unmount": [Function],
  },
  Symbol(enzyme.__node__): Object {
    "instance": null,
    "key": undefined,
    "nodeType": "host",
    "props": Object {
      "children": <figure
        class="icon-cards"
>
        <div
                class="icon-cards__content"
        >
                <div
                        class="icon-cards__item"
                />
                <div
                        class="icon-cards__item"
                />
                <div
                        class="icon-cards__item"
                />
        </div>
</figure>,
    },
    "ref": null,
    "rendered": Object {
      "instance": null,
      "key": undefined,
      "nodeType": "host",
      "props": Object {
        "children": <div
          class="icon-cards__content"
>
          <div
                    class="icon-cards__item"
          />
          <div
                    class="icon-cards__item"
          />
          <div
                    class="icon-cards__item"
          />
</div>,
        "class": "icon-cards",
      },
      "ref": null,
      "rendered": Object {
        "instance": null,
        "key": undefined,
        "nodeType": "host",
        "props": Object {
          "children": Array [
            <div
              class="icon-cards__item"
/>,
            <div
              class="icon-cards__item"
/>,
            <div
              class="icon-cards__item"
/>,
          ],
          "class": "icon-cards__content",
        },
        "ref": null,
        "rendered": Array [
          Object {
            "instance": null,
            "key": undefined,
            "nodeType": "host",
            "props": Object {
              "class": "icon-cards__item",
            },
            "ref": null,
            "rendered": null,
            "type": "div",
          },
          Object {
            "instance": null,
            "key": undefined,
            "nodeType": "host",
            "props": Object {
              "class": "icon-cards__item",
            },
            "ref": null,
            "rendered": null,
            "type": "div",
          },
          Object {
            "instance": null,
            "key": undefined,
            "nodeType": "host",
            "props": Object {
              "class": "icon-cards__item",
            },
            "ref": null,
            "rendered": null,
            "type": "div",
          },
        ],
        "type": "div",
      },
      "type": "figure",
    },
    "type": "div",
  },
  Symbol(enzyme.__nodes__): Array [
    Object {
      "instance": null,
      "key": undefined,
      "nodeType": "host",
      "props": Object {
        "children": <figure
          class="icon-cards"
>
          <div
                    class="icon-cards__content"
          >
                    <div
                              class="icon-cards__item"
                    />
                    <div
                              class="icon-cards__item"
                    />
                    <div
                              class="icon-cards__item"
                    />
          </div>
</figure>,
      },
      "ref": null,
      "rendered": Object {
        "instance": null,
        "key": undefined,
        "nodeType": "host",
        "props": Object {
          "children": <div
            class="icon-cards__content"
>
            <div
                        class="icon-cards__item"
            />
            <div
                        class="icon-cards__item"
            />
            <div
                        class="icon-cards__item"
            />
</div>,
          "class": "icon-cards",
        },
        "ref": null,
        "rendered": Object {
          "instance": null,
          "key": undefined,
          "nodeType": "host",
          "props": Object {
            "children": Array [
              <div
                class="icon-cards__item"
/>,
              <div
                class="icon-cards__item"
/>,
              <div
                class="icon-cards__item"
/>,
            ],
            "class": "icon-cards__content",
          },
          "ref": null,
          "rendered": Array [
            Object {
              "instance": null,
              "key": undefined,
              "nodeType": "host",
              "props": Object {
                "class": "icon-cards__item",
              },
              "ref": null,
              "rendered": null,
              "type": "div",
            },
            Object {
              "instance": null,
              "key": undefined,
              "nodeType": "host",
              "props": Object {
                "class": "icon-cards__item",
              },
              "ref": null,
              "rendered": null,
              "type": "div",
            },
            Object {
              "instance": null,
              "key": undefined,
              "nodeType": "host",
              "props": Object {
                "class": "icon-cards__item",
              },
              "ref": null,
              "rendered": null,
              "type": "div",
            },
          ],
          "type": "div",
        },
        "type": "figure",
      },
      "type": "div",
    },
  ],
  Symbol(enzyme.__options__): Object {
    "adapter": ReactSixteenAdapter {
      "options": Object {
        "enableComponentDidUpdateOnSetState": true,
      },
    },
  },
}
`;
