// Jest Snapshot v1, https://goo.gl/fbAQLP

exports[`Splash matches snapshot 1`] = `
ShallowWrapper {
  "length": 1,
  Symbol(enzyme.__root__): [Circular],
  Symbol(enzyme.__unrendered__): <Splash />,
  Symbol(enzyme.__renderer__): Object {
    "batchedUpdates": [Function],
    "getNode": [Function],
    "render": [Function],
    "simulateEvent": [Function],
    "unmount": [Function],
  },
  Symbol(enzyme.__node__): Object {
    "instance": null,
    "key": undefined,
    "nodeType": "host",
    "props": Object {
      "children": <div
        id="layer"
>
        <h1
                class="logo"
        >
                Historic Denver
        </h1>
        <Link
                replace={false}
                to="/tour"
        >
                <div
                        id="tour-button"
                >
                        Enter Tour
                </div>
        </Link>
</div>,
      "id": "splash-page",
    },
    "ref": null,
    "rendered": Object {
      "instance": null,
      "key": undefined,
      "nodeType": "host",
      "props": Object {
        "children": Array [
          <h1
            class="logo"
>
            Historic Denver
</h1>,
          <Link
            replace={false}
            to="/tour"
>
            <div
                        id="tour-button"
            >
                        Enter Tour
            </div>
</Link>,
        ],
        "id": "layer",
      },
      "ref": null,
      "rendered": Array [
        Object {
          "instance": null,
          "key": undefined,
          "nodeType": "host",
          "props": Object {
            "children": "Historic Denver",
            "class": "logo",
          },
          "ref": null,
          "rendered": "Historic Denver",
          "type": "h1",
        },
        Object {
          "instance": null,
          "key": undefined,
          "nodeType": "class",
          "props": Object {
            "children": <div
              id="tour-button"
>
              Enter Tour
</div>,
            "replace": false,
            "to": "/tour",
          },
          "ref": null,
          "rendered": Object {
            "instance": null,
            "key": undefined,
            "nodeType": "host",
            "props": Object {
              "children": "Enter Tour",
              "id": "tour-button",
            },
            "ref": null,
            "rendered": "Enter Tour",
            "type": "div",
          },
          "type": [Function],
        },
      ],
      "type": "div",
    },
    "type": "div",
  },
  Symbol(enzyme.__nodes__): Array [
    Object {
      "instance": null,
      "key": undefined,
      "nodeType": "host",
      "props": Object {
        "children": <div
          id="layer"
>
          <h1
                    class="logo"
          >
                    Historic Denver
          </h1>
          <Link
                    replace={false}
                    to="/tour"
          >
                    <div
                              id="tour-button"
                    >
                              Enter Tour
                    </div>
          </Link>
</div>,
        "id": "splash-page",
      },
      "ref": null,
      "rendered": Object {
        "instance": null,
        "key": undefined,
        "nodeType": "host",
        "props": Object {
          "children": Array [
            <h1
              class="logo"
>
              Historic Denver
</h1>,
            <Link
              replace={false}
              to="/tour"
>
              <div
                            id="tour-button"
              >
                            Enter Tour
              </div>
</Link>,
          ],
          "id": "layer",
        },
        "ref": null,
        "rendered": Array [
          Object {
            "instance": null,
            "key": undefined,
            "nodeType": "host",
            "props": Object {
              "children": "Historic Denver",
              "class": "logo",
            },
            "ref": null,
            "rendered": "Historic Denver",
            "type": "h1",
          },
          Object {
            "instance": null,
            "key": undefined,
            "nodeType": "class",
            "props": Object {
              "children": <div
                id="tour-button"
>
                Enter Tour
</div>,
              "replace": false,
              "to": "/tour",
            },
            "ref": null,
            "rendered": Object {
              "instance": null,
              "key": undefined,
              "nodeType": "host",
              "props": Object {
                "children": "Enter Tour",
                "id": "tour-button",
              },
              "ref": null,
              "rendered": "Enter Tour",
              "type": "div",
            },
            "type": [Function],
          },
        ],
        "type": "div",
      },
      "type": "div",
    },
  ],
  Symbol(enzyme.__options__): Object {
    "adapter": ReactSixteenAdapter {
      "options": Object {
        "enableComponentDidUpdateOnSetState": true,
      },
    },
  },
}
`;
